
  ++++++++++++++++++++++++++++++++++++++++++++
  +     MAD-X 5.08.00  (64 bit, Windows)     +
  + Support: mad@cern.ch, http://cern.ch/mad +
  + Release   date: 2022.01.13               +
  + Execution date: 2026.10.05 14:21:09      +
  ++++++++++++++++++++++++++++++++++++++++++++

X:> X:> X:> X:> X:> X:> X:> X:> X:> X:> X:> X:> X:> X:> X:> X:> X:> X:> X:> X:> X:> X:> X:> X:> X:> X:> X:> X:> X:> X:> X:> X:> X:> X:> X:> X:> X:> X:> X:> X:> X:> X:> X:> X:> X:> X:> X:> X:> X:> X:> X:> X:> X:> X:> X:> X:> X:> X:> X:> X:> X:> X:> X:> X:> X:> X:> X:> X:> X:> X:> X:> X:> X:> X:> X:> X:> X:> X:> X:> X:> X:> X:> X:> X:> X:> X:> X:> X:> X:> X:> X:> X:> X:> X:> X:> X:> X:> X:> X:> X:> X:> X:> X:> X:> X:> X:> X:> X:> X:> X:> X:> X:> X:> X:> X:> X:> X:> X:> X:> X:> X:> X:> X:> X:> X:> X:> X:> X:> X:> X:> X:> X:> X:> X:> X:> X:> X:> X:> X:> X:> X:> X:> X:> X:> X:> X:> X:> X:> X:> X:> X:> X:> X:> X:> X:> X:> X:> X:> X:> X:> X:> X:> X:> X:> X:> X:> X:> X:> X:> X:> X:> X:> X:> X:> X:> X:> X:> X:> X:> X:> X:> X:> X:> X:> X:> X:> X:> X:> X:> X:> X:> X:> X:> X:> X:> X:> X:> X:> X:> X:> X:> X:> X:> X:> X:> X:> X:> X:> X:> X:> X:> X:> X:> X:> X:> X:> X:> X:> X:> X:> X:> X:> X:> X:> X:> X:> X:> X:> X:> X:> X:> X:> X:> X:> X:> X:> X:> X:> X:> X:> X:> X:> X:> X:> X:> X:> X:> X:> X:> X:> X:> X:> X:> X:> X:> X:> X:> X:> X:> X:> X:> X:> X:> X:> X:> X:> X:> X:> X:> X:> X:> X:> X:> X:> X:> X:> X:> X:> X:> X:> X:> X:> X:> X:> X:> X:> X:> X:> X:> X:> X:> X:> X:> X:> X:> X:> X:> X:> X:> X:> X:> X:> X:> X:> X:> X:> X:> X:> X:> X:> X:> X:> X:> X:> X:> X:> X:> X:> X:> X:> X:> X:> X:> X:> X:> X:> X:> X:> X:> X:> X:> X:> X:> X:> X:> X:> X:> X:> X:> X:> X:> X:> X:> X:> X:> X:> X:> X:> X:> X:> X:> X:> X:> X:> X:> X:> X:> X:> X:> X:> X:> X:> X:> X:> X:> X:> X:> X:> X:> X:> X:> X:> X:> X:> X:> X:> X:> X:> X:> X:> X:> X:> X:> X:> X:> X:> X:> X:> X:> X:> X:> X:> X:> X:> X:> X:> X:> X:> X:> X:> X:> X:> X:> X:> X:> X:> X:> X:> X:> X:> X:> X:> X:> X:> X:> X:> X:> X:> X:> X:> X:> X:> X:> X:> X:> X:> X:> X:> X:> X:> X:> X:> X:> X:> X:> X:> X:> X:> X:> X:> X:> X:> X:> X:> X:> X:> X:> X:> X:> X:> X:> X:> X:> X:> X:> X:> X:> X:> X:> X:> X:> X:> X:> X:> X:> X:> X:> X:> X:> X:> X:> X:> X:> X:> X:> X:> X:> X:> X:> X:> X:> X:> X:> X:> X:> X:> X:> X:> X:> X:> X:> X:> X:> X:> X:> X:> X:> X:> X:> X:> X:> X:> X:> X:> X:> X:> X:> X:> X:> X:> X:> X:> X:> X:> X:> X:> X:> X:> X:> X:> X:> X:> X:> X:> X:> X:> X:> X:> X:> X:> X:> X:> X:> X:> X:> X:> X:> X:> X:> X:> X:> X:> X:> X:> X:> X:> X:> X:> X:> X:> X:> X:> X:> X:> X:> X:> X:> X:> X:> X:> X:> X:> X:> X:> X:> X:> X:> X:> X:> X:> X:> X:> X:> X:> X:> X:> X:> X:> X:> X:> X:> X:> X:> X:> X:> X:> X:> X:> X:> X:> X:> X:> X:> X:> X:> X:> X:> X:> X:> X:> X:> X:> X:> X:> X:> X:> X:> X:> X:> X:> X:> X:> X:> X:> X:> X:> X:> X:> X:> X:> X:> X:> X:> X:> X:> X:> X:> X:> X:> X:> X:> X:> X:> X:> X:> X:> X:> X:> X:> X:> X:> X:> X:> X:> X:> X:> X:> X:> X:> X:> X:> X:> X:> X:> X:> X:> X:> X:> X:> X:> X:> X:> X:> X:> X:> X:> X:> X:> X:> X:> X:> X:> X:> X:> X:> X:> X:> X:> X:> X:> X:> X:> X:> X:> X:> X:> X:> X:> X:> X:> X:> X:> X:> X:> X:> X:> X:> X:> X:> X:> X:> X:> X:> X:> X:> X:> X:> X:> X:> X:> X:> X:> X:> X:> X:> X:> X:> X:> X:> X:> X:> X:> X:> X:> X:> X:> X:> X:> X:> X:> X:> X:> X:> X:> X:> X:> X:> X:> X:> X:> X:> X:> X:> X:> X:> X:> X:> X:> X:> X:> X:> X:> X:> X:> X:> X:> X:> X:> X:> X:> X:> X:> X:> X:> X:> X:> X:> X:> X:> X:> X:> X:> X:> X:> X:> X:> X:> X:> X:> X:> X:> X:> X:> X:> X:> X:> X:> X:> X:> X:> X:> X:> X:> X:> X:> X:> X:> X:> X:> X:> X:> X:> X:> X:> X:> X:> X:> X:> X:> X:> X:> X:> X:> X:> X:> X:> X:> X:> X:> X:> X:> X:> X:> X:> X:> X:> X:> X:> X:> X:> X:> X:> X:> X:> X:> X:> X:> X:> X:> X:> X:> X:> X:> X:> X:> X:> X:> X:> X:> X:> X:> X:> X:> X:> X:> X:> X:> X:> X:> X:> X:> X:> X:> X:> X:> X:> X:> X:> X:> X:> X:> X:> X:> X:> X:> X:> X:> X:> X:> X:> X:> X:> X:> X:> X:> X:> X:> X:> X:> X:> X:> X:> X:> X:> X:> X:> X:> X:> X:> X:> X:> X:> X:> X:> X:> X:> X:> X:> X:> X:> X:> X:> X:> X:> X:> X:> X:> X:> X:> X:> X:> X:> X:> X:> X:> X:> X:> X:> X:> X:> X:> X:> X:> X:> X:> X:> X:> X:> X:> X:> X:> X:> X:> X:> X:> X:> X:> X:> X:> X:> X:> X:> X:> X:> X:> X:> X:> X:> X:> X:> X:> X:> X:> X:> X:> X:> X:> X:> X:> X:> X:> X:> X:> X:> X:> X:> X:> X:> X:> X:> X:> X:> X:> X:> X:> X:> X:> X:> X:> X:> X:> X:> X:> X:> X:> X:> X:> X:> X:> X:> X:> X:> X:> X:> X:> X:> X:> X:> X:> X:> X:> X:> X:> X:> X:> X:> X:> X:> X:> X:> X:> X:> X:> X:> X:> X:> X:> X:> X:> X:> X:> X:> X:> X:> X:> X:> X:> X:> X:> X:> X:> X:> X:> X:> X:> X:> X:> X:> X:> X:> X:> X:> X:> X:> X:> X:> X:> X:> X:> X:> X:> X:> X:> X:> X:> X:> X:> X:> X:> X:> X:> X:> X:> X:> X:> X:> X:> X:> X:> X:> X:> X:> X:> X:> X:> X:> X:> X:> X:> X:> X:> X:> X:> X:> X:> X:> X:> X:> X:> X:> X:> X:> X:> X:> X:> X:> X:> X:> X:> X:> X:> X:> X:> X:> X:> X:> X:> X:> X:> X:> X:> X:> X:> X:> X:> X:> X:> X:> X:> X:> X:> X:> X:> X:> X:> X:> X:> X:> X:> X:> X:> X:> X:> X:> X:> X:> X:> X:> X:> X:> X:> X:> X:> X:> X:> X:> X:> X:> X:> X:> X:> X:> X:> X:> X:> X:> X:> X:> X:> X:> X:> X:> X:> X:> X:> X:> X:> X:> X:> X:> X:> X:> X:> X:> X:> X:> X:> X:> X:> X:> X:> X:> X:> X:> X:> X:> X:> X:> X:> X:> X:> X:> X:> X:> X:> X:> X:> X:> X:> X:> X:> X:> X:> X:> X:> X:> X:> X:> X:> X:> X:> X:> X:> X:> X:> X:> X:> X:> X:> X:> X:> X:> X:> X:> X:> X:> X:> X:> X:> X:> X:> X:> X:> X:> X:> X:> X:> X:> X:> X:> X:> X:> X:> X:> X:> X:> X:> X:> X:> X:> X:> X:> X:> X:> X:> X:> X:> X:> X:> X:> X:> X:> X:> X:> X:> X:> X:> X:> X:> X:> X:> X:> X:> X:> X:> X:> X:> X:> X:> X:> X:> X:> X:> X:> X:> X:> X:> X:> X:> X:> X:> X:> X:> X:> X:> X:> X:> X:> X:> X:> X:> X:> X:> X:> X:> X:> X:> X:> X:> X:> X:> X:> X:> X:> X:> X:> X:> X:> X:> X:> X:> X:> X:> X:> X:> X:> X:> X:> X:> X:> X:> X:> X:> X:> X:> X:> X:> command: beam  module: control
parameter: particle   string: default
parameter: sequence   string: default_beam
parameter: bunched   logical: true
parameter: radiate   logical: false
parameter: mass   double value:        0.938272089
parameter: charge   double value:                  1
parameter: energy   double value:        8.896615284
parameter: pc   double value:              8.847
parameter: gamma   double value:        9.481914029
parameter: beta   double value:       0.9944231281
parameter: brho   double value:         29.5104155
parameter: ex   double value:              2e-07
parameter: exn   double value:    1.885806922e-06
parameter: ey   double value:              2e-07
parameter: eyn   double value:    1.885806922e-06
parameter: et   double value:               0.02
parameter: sigt   double value:              12.46
parameter: sige   double value:           0.001596
parameter: kbunch   double value:                  1
parameter: npart   double value:              1e+12
parameter: bcurrent   double value:                  0
parameter: freq0   double value:                  0
parameter: circ   double value:                  0
parameter: dtbyds   double value:                  0
parameter: deltap   double value:                  0
parameter: alfa   double value:      0.01112264237
parameter: u0   double value:                  0
parameter: qs   double value:                  0
parameter: arad   double value:    1.534698265e-18
parameter: bv   double value:                  1
parameter: pdamp   double array: 1.000000e+00 1.000000e+00 2.000000e+00 
parameter: n1min   double value:                 -1
X:> X:> X:> X:> enter Twiss module
  
open line - error with deltap:   0.000000E+00
initial orbit vector:   0.000000E+00  0.000000E+00  0.000000E+00  0.000000E+00  0.000000E+00  0.000000E+00
final orbit vector:     0.000000E+00  0.000000E+00  0.000000E+00  0.000000E+00  0.000000E+00  0.000000E+00

++++++ table: summ

            length             orbit5               alfa            gammatr 
           226.137                 -0                  0                  0 

                q1                dq1            betxmax              dxmax 
       3.662292702                  0          251.77822        2.231562969 

             dxrms             xcomax             xcorms                 q2 
      0.5988052266                  0                  0        2.929338922 

               dq2            betymax              dymax              dyrms 
                 0        86.49726515       0.6407199633       0.1402709051 

            ycomax             ycorms             deltap            synch_1 
                 0                  0                  0                  0 

           synch_2            synch_3            synch_4            synch_5 
                 0                  0                  0                  0 

           synch_6            synch_8             nflips              dqmin 
                 0                  0                  0    8.835024338e-05 

       dqmin_phase 
    -0.04098827538 
X:> X:> X:> X:> X:> 
  Number of warnings: 0

  ++++++++++++++++++++++++++++++++++++++++++++
  +          MAD-X finished normally         +
  ++++++++++++++++++++++++++++++++++++++++++++
